// Jest Snapshot v1, https://goo.gl/fbAQLP

exports[`components/EditExpensePage should correctly render EditExpensePage 1`] = `
<div>
  <ExpenseForm
    expense={
      Object {
        "amount": 350,
        "createdAt": 0,
        "description": "Gum",
        "id": "1",
        "note": "",
      }
    }
    onSubmit={[Function]}
  />
  <button
    onClick={[Function]}
  >
    Remove
  </button>
</div>
`;
