// Jest Snapshot v1, https://goo.gl/fbAQLP

exports[`components/ExpenseListItem should render single ExpenseListItem 1`] = `
<Link
  className="list-item"
  replace={false}
  to="/edit/1"
>
  <div>
    <h3
      className="list-item__title"
    >
      Gum
    </h3>
    <span
      className="list-item__sub-title"
    >
      December 31st, 1969
    </span>
  </div>
  <div>
    <h3
      className="list-item__data"
    >
      $3.50
    </h3>
  </div>
</Link>
`;
