// Jest Snapshot v1, https://goo.gl/fbAQLP

exports[`components/ExpenseList should render ExpenseList with Expenses 1`] = `
<div>
  <ExpenseListItem
    amount={350}
    createdAt={0}
    description="Gum"
    id="1"
    key="1"
    note=""
  />
  <ExpenseListItem
    amount={4500}
    createdAt={-345600000}
    description="Hot Dog"
    id="2"
    key="2"
    note=""
  />
  <ExpenseListItem
    amount={700}
    createdAt={345600000}
    description="Not Hot Dog"
    id="3"
    key="3"
    note=""
  />
</div>
`;

exports[`components/ExpenseList should render ExpenseList with empty message 1`] = `
<div>
  <p>
    No Expenses Given
  </p>
</div>
`;
