// Jest Snapshot v1, https://goo.gl/fbAQLP

exports[`components/LoginPage should correctly render LoginPage 1`] = `
<div>
  <button>
    Login
  </button>
</div>
`;
